Optimizing Linkage Editor (V.10.02.00.000)        17-Feb-2014 16:24:57

*** Options ***

-subcommand=E:\lab2mt\lab2\lab2\Debug\lab2.hlk
-noprelink
-rom=D=R,D_1=R_1,D_2=R_2
-nomessage
-vect=_undefined_interrupt_source_isr
-list="E:\lab2mt\lab2\lab2\Debug\lab2.map"
-nooptimize
-start=SI,SU,B_1,R_1,B_2,R_2,B,R/00,C_1,C_2,C,C$*,L*,D*,P,W*/0FFF80000,FIXEDVECT/0FFFFFF90
-nologo
-input="E:\lab2mt\lab2\lab2\Debug\dbsct.obj"
-input="E:\lab2mt\lab2\lab2\Debug\flash_options.obj"
-input="E:\lab2mt\lab2\lab2\Debug\font_8x8.obj"
-input="E:\lab2mt\lab2\lab2\Debug\glyph.obj"
-input="E:\lab2mt\lab2\lab2\Debug\hwsetup.obj"
-input="E:\lab2mt\lab2\lab2\Debug\lcd.obj"
-input="E:\lab2mt\lab2\lab2\Debug\lowlvl.obj"
-input="E:\lab2mt\lab2\lab2\Debug\lowsrc.obj"
-input="E:\lab2mt\lab2\lab2\Debug\main.obj"
-input="E:\lab2mt\lab2\lab2\Debug\r_glyph.obj"
-input="E:\lab2mt\lab2\lab2\Debug\r_glyph_register.obj"
-input="E:\lab2mt\lab2\lab2\Debug\r_rspi_rx600.obj"
-input="E:\lab2mt\lab2\lab2\Debug\r_switches.obj"
-input="E:\lab2mt\lab2\lab2\Debug\resetprg.obj"
-input="E:\lab2mt\lab2\lab2\Debug\sbrk.obj"
-input="E:\lab2mt\lab2\lab2\Debug\st7579_lcd.obj"
-input="E:\lab2mt\lab2\lab2\Debug\vecttbl.obj"
-library="E:\lab2mt\lab2\lab2\Debug\lab2.lib"
-output="E:\lab2mt\lab2\lab2\Debug\lab2.abs"
-end

*** Error information ***

** L2310 (E) Undefined external symbol "_sw3_callback" referenced in "E:\lab2mt\lab2\lab2\Debug\r_switches.obj"
